<html>
<body>
<pre>
<h1>µVision Build Log</h1>
<h2>Tool Versions:</h2>
IDE-Version: ¦ÌVision V5.37.0.0
Copyright (C) 2022 ARM Ltd and ARM Germany GmbH. All rights reserved.
License Information: 1 wuzhaofu, 1, LIC=FYKYW-QM9SM-NNMAF-6NJSS-T65JN-6SQAU
 
Tool Versions:
Toolchain:       MDK-ARM Plus  Version: 5.37.0.0
Toolchain Path:  C:\Keil_v5\ARM\AC506u7\Bin
C Compiler:      Armcc.exe V5.06 update 7 (build 960)
Assembler:       Armasm.exe V5.06 update 7 (build 960)
Linker/Locator:  ArmLink.exe V5.06 update 7 (build 960)
Library Manager: ArmAr.exe V5.06 update 7 (build 960)
Hex Converter:   FromElf.exe V5.06 update 7 (build 960)
CPU DLL:         SARMCM3.DLL V5.37.0.0
Dialog DLL:      DCM.DLL V1.17.5.0
Target DLL:      STLink\ST-LINKIII-KEIL_SWO.dll V3.0.9.0
Dialog DLL:      TCM.DLL V1.56.1.0
 
<h2>Project:</h2>
D:\filerecv\20230.1 (2)\20230.1\20230.1\MDK-ARM\standard_robot.uvprojx
Project File Date:  07/10/2023

<h2>Output:</h2>
*** Using Compiler 'V5.06 update 7 (build 960)', folder: 'C:\Keil_v5\ARM\AC506u7\Bin'
Rebuild target 'standard_robot'
assembling startup_stm32f407xx.s...
compiling rtc.c...
compiling dma.c...
compiling gpio.c...
compiling rng.c...
compiling adc.c...
compiling crc.c...
compiling spi.c...
compiling i2c.c...
compiling can.c...
compiling tim.c...
compiling usart.c...
compiling main.c...
compiling freertos.c...
compiling usbd_desc.c...
compiling stm32f4xx_hal_pcd_ex.c...
compiling stm32f4xx_hal_pcd.c...
compiling usbd_cdc_if.c...
compiling stm32f4xx_hal_msp.c...
compiling usb_device.c...
compiling usbd_conf.c...
compiling stm32f4xx_hal_crc.c...
compiling stm32f4xx_hal_adc_ex.c...
compiling stm32f4xx_it.c...
compiling stm32f4xx_hal_adc.c...
compiling stm32f4xx_ll_usb.c...
compiling stm32f4xx_hal_can.c...
compiling stm32f4xx_hal_rng.c...
compiling stm32f4xx_hal_tim_ex.c...
compiling stm32f4xx_hal_rtc_ex.c...
compiling stm32f4xx_hal_rtc.c...
compiling stm32f4xx_hal_flash.c...
compiling stm32f4xx_hal_i2c_ex.c...
compiling stm32f4xx_hal_spi.c...
compiling stm32f4xx_hal_flash_ex.c...
compiling stm32f4xx_hal_rcc_ex.c...
compiling stm32f4xx_hal_rcc.c...
compiling stm32f4xx_hal_uart.c...
compiling stm32f4xx_hal_tim.c...
compiling croutine.c...
compiling stm32f4xx_hal_i2c.c...
compiling list.c...
compiling event_groups.c...
compiling queue.c...
compiling stream_buffer.c...
compiling timers.c...
compiling tasks.c...
compiling heap_4.c...
compiling cmsis_os.c...
compiling port.c...
compiling stm32f4xx_hal_flash_ramfunc.c...
compiling stm32f4xx_hal_dma.c...
compiling stm32f4xx_hal_exti.c...
compiling stm32f4xx_hal_pwr_ex.c...
compiling stm32f4xx_hal_pwr.c...
compiling system_stm32f4xx.c...
compiling stm32f4xx_hal.c...
compiling stm32f4xx_hal_cortex.c...
compiling stm32f4xx_hal_gpio.c...
compiling stm32f4xx_hal_dma_ex.c...
compiling usbd_ctlreq.c...
compiling usbd_core.c...
compiling usbd_ioreq.c...
compiling bsp_adc.c...
compiling bsp_laser.c...
compiling usbd_cdc.c...
compiling bsp_buzzer.c...
compiling bsp_imu_pwm.c...
compiling bsp_delay.c...
compiling bsp_flash.c...
compiling detect_task.c...
compiling bsp_led.c...
compiling bsp_can.c...
compiling bsp_crc32.c...
compiling bsp_i2c.c...
compiling bsp_rc.c...
compiling bsp_rng.c...
compiling remote_control.c...
compiling bsp_usart.c...
compiling bsp_servo_pwm.c...
compiling referee.c...
compiling CAN_receive.c...
compiling bsp_spi.c...
compiling gimbal_behaviour.c...
compiling voltage_task.c...
compiling calibrate_task.c...
compiling chassis_behaviour.c...
compiling INS_task.c...
compiling chassis_task.c...
compiling gimbal_task.c...
compiling ist8310driver.c...
compiling user_lib.c...
compiling vision.c...
compiling CRC8_CRC16.c...
compiling RM_Cilent_UI.c...
compiling referee_usart_task.c...
compiling OLED.c...
compiling led_flow_task.c...
compiling BMI088driver.c...
compiling AHRS_middleware.c...
compiling fifo.c...
compiling ist8310driver_middleware.c...
compiling usb_task.c...
compiling BMI088Middleware.c...
compiling shoot_task.c...
compiling mem_mang4.c...
compiling pid.c...
compiling stm32.c...
linking...
Program Size: Code=92420 RO-data=5064 RW-data=1228 ZI-data=58788  
FromELF: creating hex file...
"standard_tpye_c\standard_tpye_c.axf" - 0 Error(s), 0 Warning(s).

<h2>Software Packages used:</h2>

Package Vendor: ARM
                http://www.keil.com/pack/ARM.CMSIS.5.9.0.pack
                ARM.CMSIS.5.9.0
                CMSIS (Common Microcontroller Software Interface Standard)
   * Component: CORE Version: 5.6.0

Package Vendor: Keil
                http://www.keil.com/pack/Keil.STM32F4xx_DFP.2.16.0.pack
                Keil.STM32F4xx_DFP.2.16.0
                STMicroelectronics STM32F4 Series Device Support, Drivers and Examples

<h2>Collection of Component include folders:</h2>
  ./RTE/_standard_robot
  C:/Users/wuzhaofu/AppData/Local/Arm/Packs/ARM/CMSIS/5.9.0/CMSIS/Core/Include
  C:/Users/wuzhaofu/AppData/Local/Arm/Packs/Keil/STM32F4xx_DFP/2.16.0/Drivers/CMSIS/Device/ST/STM32F4xx/Include

<h2>Collection of Component Files used:</h2>

   * Component: ARM::CMSIS:CORE:5.6.0
Build Time Elapsed:  00:00:32
</pre>
</body>
</html>
